[Licensing::Module] Trying to connect to existing licensing client channel...
Built from '6000.0/staging' branch; Version is '6000.0.80f1 (2dfd32957da2) revision 3013938'; Using compiler version '193933523'; Build Type 'Release'
OS: 'Windows 11  (10.0.26200) Core' Language: 'en' Physical Memory: 15774 MB
[Licensing::IpcConnector] Successfully connected to: "LicenseClient-Black Steel Innovati" at "2026-09-15T06:58:27.8854221Z"
BatchMode: 1, IsHumanControllingUs: 0, StartBugReporterOnCrash: 0, Is64bit: 1
System  architecture: x64
Process architecture: x64
Date: 2026-09-15T06:58:27Z

COMMAND LINE ARGUMENTS:
C:\Program Files\Unity 6000.0.80f1\Editor\Unity.exe
-batchmode
-quit
-projectPath
C:\ObsidianProtocol-Autonomous-Warfare\OPAW
-logFile
C:\ObsidianProtocol-Autonomous-Warfare\OPAW\PackageResolve_LTS_2.log
Successfully changed project path to: C:\ObsidianProtocol-Autonomous-Warfare\OPAW
C:/ObsidianProtocol-Autonomous-Warfare/OPAW
It looks like another Unity instance is running with this project open.

Multiple Unity instances cannot open the same project.

Project: C:/ObsidianProtocol-Autonomous-Warfare/OPAW
Fatal Error! It looks like another Unity instance is running with this project open.

Multiple Unity instances cannot open the same project.

Project: C:/ObsidianProtocol-Autonomous-Warfare/OPAW
Crash!!!
SymInit: Symbol-SearchPath: 'C:/Program Files/Unity 6000.0.80f1/Editor/Data/Mono;.;C:\ObsidianProtocol-Autonomous-Warfare\OPAW;C:\ObsidianProtocol-Autonomous-Warfare\OPAW\Library\BurstCache\JIT;C:\Program Files\Unity 6000.0.80f1\Editor;C:\WINDOWS;C:\WINDOWS\system32;', symOptions: 534, UserName: 'Black Steel Innovati'
OS-Version: 10.0.0
C:\Program Files\Unity 6000.0.80f1\Editor\Unity.exe:Unity.exe (00007FF7DE8B0000), size: 299008 (result: 0), SymType: '-deferred-', PDB: '', fileVersion: 6000.0.80.64818
C:\WINDOWS\SYSTEM32\ntdll.dll:ntdll.dll (00007FFEE31E0000), size: 2519040 (result: 0), SymType: '-deferred-', PDB: '', fileVersion: 10.0.26100.9444
C:\WINDOWS\System32\KERNEL32.DLL:KERNEL32.DLL (00007FFEE1620000), size: 831488 (result: 0), SymType: '-deferred-', PDB: '', fileVersion: 10.0.26100.9444
C:\WINDOWS\System32\KERNELBASE.dll:KERNELBASE.dll (00007FFEE06F0000), size: 4202496 (result: 0), SymType: '-deferred-', PDB: '', fileVersion: 10.0.26100.9444
C:\WINDOWS\System32\USER32.dll:USER32.dll (00007FFEE1440000), size: 1896448 (result: 0), SymType: '-deferred-', PDB: '', fileVersion: 10.0.26100.9444
C:\WINDOWS\System32\win32u.dll:win32u.dll (00007FFEE0D10000), size: 159744 (result: 0), SymType: '-deferred-', PDB: '', fileVersion: 10.0.26100.9444
C:\WINDOWS\System32\GDI32.dll:GDI32.dll (00007FFEE1360000), size: 176128 (result: 0), SymType: '-deferred-', PDB: '', fileVersion: 10.0.26100.8328
C:\WINDOWS\System32\gdi32full.dll:gdi32full.dll (00007FFEE0D40000), size: 1216512 (result: 0), SymType: '-deferred-', PDB: '', fileVersion: 10.0.26100.9444
C:\WINDOWS\System32\msvcp_win.dll:msvcp_win.dll (00007FFEE0B00000), size: 667648 (result: 0), SymType: '-deferred-', PDB: '', fileVersion: 10.0.26100.9444
C:\WINDOWS\System32\ucrtbase.dll:ucrtbase.dll (00007FFEE0BB0000), size: 1359872 (result: 0), SymType: '-deferred-', PDB: '', fileVersion: 10.0.26100.9444
C:\WINDOWS\System32\IMM32.DLL:IMM32.DLL (00007FFEE1EA0000), size: 200704 (result: 0), SymType: '-deferred-', PDB: '', fileVersion: 10.0.26100.9278
C:\Program Files\Unity 6000.0.80f1\Editor\Unity.dll:Unity.dll (00007FFE34FA0000), size: 87797760 (result: 0), SymType: '-deferred-', PDB: '', fileVersion: 6000.0.80.64818
C:\WINDOWS\System32\CRYPT32.dll:CRYPT32.dll (00007FFEE03E0000), size: 1564672 (result: 0), SymType: '-deferred-', PDB: '', fileVersion: 10.0.26100.9278
C:\WINDOWS\System32\ADVAPI32.dll:ADVAPI32.dll (00007FFEE2310000), size: 770048 (result: 0), SymType: '-deferred-', PDB: '', fileVersion: 10.0.26100.9278
C:\WINDOWS\System32\msvcrt.dll:msvcrt.dll (00007FFEE23E0000), size: 692224 (result: 0), SymType: '-deferred-', PDB: '', fileVersion: 7.0.26100.9444
C:\Program Files\Unity 6000.0.80f1\Editor\libfbxsdk.dll:libfbxsdk.dll (00007FFE476C0000), size: 8019968 (result: 0), SymType: '-deferred-', PDB: '', fileVersion: 2020.3.7.0
C:\Program Files\Unity 6000.0.80f1\Editor\s3tcompress.dll:s3tcompress.dll (00007FFEDB230000), size: 180224 (result: 0), SymType: '-deferred-', PDB: ''
C:\WINDOWS\System32\sechost.dll:sechost.dll (00007FFEE20D0000), size: 692224 (result: 0), SymType: '-deferred-', PDB: '', fileVersion: 10.0.26100.9444
C:\Program Files\Unity 6000.0.80f1\Editor\etccompress.dll:etccompress.dll (00007FFE471E0000), size: 5070848 (result: 0), SymType: '-deferred-', PDB: ''
C:\WINDOWS\System32\RPCRT4.dll:RPCRT4.dll (00007FFEE3080000), size: 1146880 (result: 0), SymType: '-deferred-', PDB: '', fileVersion: 10.0.26100.9444
C:\Program Files\Unity 6000.0.80f1\Editor\ispc_texcomp.dll:ispc_texcomp.dll (00007FFE47020000), size: 1826816 (result: 0), SymType: '-deferred-', PDB: ''
C:\Program Files\Unity 6000.0.80f1\Editor\compress_bc7e.dll:compress_bc7e.dll (00007FFE4E970000), size: 1433600 (result: 0), SymType: '-deferred-', PDB: ''
C:\Program Files\Unity 6000.0.80f1\Editor\FreeImage.dll:FreeImage.dll (0000000180000000), size: 5332992 (result: 0), SymType: '-deferred-', PDB: '', fileVersion: 3.18.0.0
C:\WINDOWS\System32\ole32.dll:ole32.dll (00007FFEE1780000), size: 1679360 (result: 0), SymType: '-deferred-', PDB: '', fileVersion: 10.0.26100.9444
C:\WINDOWS\System32\WS2_32.dll:WS2_32.dll (00007FFEE2280000), size: 524288 (result: 0), SymType: '-deferred-', PDB: '', fileVersion: 10.0.26100.9444
C:\Program Files\Unity 6000.0.80f1\Editor\WinPixEventRuntime.dll:WinPixEventRuntime.dll (00007FFEDB220000), size: 57344 (result: 0), SymType: '-deferred-', PDB: '', fileVersion: 1.0.2403.8001
C:\Program Files\Unity 6000.0.80f1\Editor\umbraoptimizer64.dll:umbraoptimizer64.dll (00007FFE46EF0000), size: 1187840 (result: 0), SymType: '-deferred-', PDB: ''
C:\WINDOWS\System32\combase.dll:combase.dll (00007FFEE2490000), size: 3690496 (result: 0), SymType: '-deferred-', PDB: '', fileVersion: 10.0.26100.9444
C:\WINDOWS\System32\SETUPAPI.dll:SETUPAPI.dll (00007FFEE1A10000), size: 4747264 (result: 0), SymType: '-deferred-', PDB: '', fileVersion: 10.0.26100.9444
C:\WINDOWS\System32\SHELL32.dll:SHELL32.dll (00007FFEE2820000), size: 7962624 (result: 0), SymType: '-deferred-', PDB: '', fileVersion: 10.0.26100.9278
C:\WINDOWS\SYSTEM32\MSVCP140.dll:MSVCP140.dll (00007FFED0BA0000), size: 643072 (result: 0), SymType: '-deferred-', PDB: '', fileVersion: 14.51.36247.0
C:\WINDOWS\SYSTEM32\VCRUNTIME140.dll:VCRUNTIME140.dll (00007FFED0A10000), size: 180224 (result: 0), SymType: '-deferred-', PDB: '', fileVersion: 14.51.36247.0
C:\WINDOWS\SYSTEM32\VCRUNTIME140_1.dll:VCRUNTIME140_1.dll (00007FFED6990000), size: 49152 (result: 0), SymType: '-deferred-', PDB: '', fileVersion: 14.51.36247.0
C:\WINDOWS\System32\SHLWAPI.dll:SHLWAPI.dll (00007FFEE3010000), size: 417792 (result: 0), SymType: '-deferred-', PDB: '', fileVersion: 10.0.26100.9444
C:\WINDOWS\SYSTEM32\bcrypt.dll:bcrypt.dll (00007FFEE02D0000), size: 172032 (result: 0), SymType: '-deferred-', PDB: '', fileVersion: 10.0.26100.9444
C:\WINDOWS\System32\OLEAUT32.dll:OLEAUT32.dll (00007FFEE1930000), size: 888832 (result: 0), SymType: '-deferred-', PDB: '', fileVersion: 10.0.26100.9278
C:\WINDOWS\SYSTEM32\d3d11.dll:d3d11.dll (00007FFEDDA30000), size: 2490368 (result: 0), SymType: '-deferred-', PDB: '', fileVersion: 10.0.26100.9278
C:\WINDOWS\SYSTEM32\d3d12.dll:d3d12.dll (00007FFE29EB0000), size: 143360 (result: 0), SymType: '-deferred-', PDB: '', fileVersion: 10.0.26100.9278
C:\WINDOWS\SYSTEM32\dwmapi.dll:dwmapi.dll (00007FFEDC680000), size: 192512 (result: 0), SymType: '-deferred-', PDB: '', fileVersion: 10.0.26100.9278
C:\WINDOWS\System32\WINTRUST.dll:WINTRUST.dll (00007FFEE0E70000), size: 532480 (result: 0), SymType: '-deferred-', PDB: '', fileVersion: 10.0.26100.9444
C:\WINDOWS\SYSTEM32\dxgi.dll:dxgi.dll (00007FFEDDCC0000), size: 1290240 (result: 0), SymType: '-deferred-', PDB: '', fileVersion: 10.0.26100.9444
C:\WINDOWS\SYSTEM32\HID.DLL:HID.DLL (00007FFEDE720000), size: 61440 (result: 0), SymType: '-deferred-', PDB: '', fileVersion: 10.0.26100.1150
C:\WINDOWS\SYSTEM32\IPHLPAPI.DLL:IPHLPAPI.DLL (00007FFEDEB30000), size: 208896 (result: 0), SymType: '-deferred-', PDB: '', fileVersion: 10.0.26100.9278
C:\WINDOWS\SYSTEM32\OPENGL32.dll:OPENGL32.dll (00007FFE46DD0000), size: 1097728 (result: 0), SymType: '-deferred-', PDB: '', fileVersion: 10.0.26100.9278
C:\WINDOWS\SYSTEM32\WINHTTP.dll:WINHTTP.dll (00007FFED9280000), size: 1220608 (result: 0), SymType: '-deferred-', PDB: '', fileVersion: 10.0.26100.9278
C:\WINDOWS\SYSTEM32\GLU32.dll:GLU32.dll (00007FFEC7850000), size: 184320 (result: 0), SymType: '-deferred-', PDB: '', fileVersion: 10.0.26100.1150
C:\WINDOWS\SYSTEM32\WINMM.dll:WINMM.dll (00007FFED6AA0000), size: 221184 (result: 0), SymType: '-deferred-', PDB: '', fileVersion: 10.0.26100.9278
C:\Program Files\Unity 6000.0.80f1\Editor\SketchUpAPI.dll:SketchUpAPI.dll (00007FFE46530000), size: 8990720 (result: 0), SymType: '-deferred-', PDB: '', fileVersion: 23.0.0.0
C:\Program Files\Unity 6000.0.80f1\Editor\NativeProxyHelper.dll:NativeProxyHelper.dll (00007FFE46370000), size: 1789952 (result: 0), SymType: '-deferred-', PDB: ''
C:\WINDOWS\SYSTEM32\VERSION.dll:VERSION.dll (00007FFED7DE0000), size: 45056 (result: 0), SymType: '-deferred-', PDB: '', fileVersion: 10.0.26100.1150
C:\WINDOWS\SYSTEM32\WSOCK32.dll:WSOCK32.dll (00007FFEC94A0000), size: 40960 (result: 0), SymType: '-deferred-', PDB: '', fileVersion: 10.0.26100.1
C:\WINDOWS\SYSTEM32\powrprof.dll:powrprof.dll (00007FFEE0240000), size: 385024 (result: 0), SymType: '-deferred-', PDB: '', fileVersion: 10.0.26100.3912
C:\Program Files\Unity 6000.0.80f1\Editor\SketchUpCommonPreferences.dll:SketchUpCommonPreferences.dll (00007FFEA5020000), size: 499712 (result: 0), SymType: '-deferred-', PDB: '', fileVersion: 23.0.0.0
C:\WINDOWS\SYSTEM32\Secur32.dll:Secur32.dll (00007FFEDC370000), size: 53248 (result: 0), SymType: '-deferred-', PDB: '', fileVersion: 10.0.26100.7705
C:\WINDOWS\SYSTEM32\dxcore.dll:dxcore.dll (00007FFEDCBA0000), size: 278528 (result: 0), SymType: '-deferred-', PDB: '', fileVersion: 10.0.26100.9278
C:\WINDOWS\SYSTEM32\SSPICLI.DLL:SSPICLI.DLL (00007FFEDF370000), size: 299008 (result: 0), SymType: '-deferred-', PDB: '', fileVersion: 10.0.26100.9278
C:\Program Files\Unity 6000.0.80f1\Editor\OpenRL.dll:OpenRL.dll (0000024CC68F0000), size: 12779520 (result: 0), SymType: '-deferred-', PDB: '', fileVersion: 1.5.0.2907
C:\WINDOWS\SYSTEM32\MSVCP100.dll:MSVCP100.dll (000000005D690000), size: 622592 (result: 0), SymType: '-deferred-', PDB: '', fileVersion: 10.0.40219.325
C:\WINDOWS\SYSTEM32\MSVCR100.dll:MSVCR100.dll (000000005D730000), size: 860160 (result: 0), SymType: '-deferred-', PDB: '', fileVersion: 10.0.40219.325
C:\Program Files\Unity 6000.0.80f1\Editor\embree.dll:embree.dll (00007FFE45380000), size: 16711680 (result: 0), SymType: '-deferred-', PDB: '', fileVersion: 2.14.0.0
C:\WINDOWS\SYSTEM32\cfgmgr32.DLL:cfgmgr32.DLL (00007FFEDFF40000), size: 335872 (result: 0), SymType: '-deferred-', PDB: '', fileVersion: 10.0.26100.9278
C:\Program Files\Unity 6000.0.80f1\Editor\tbb.dll:tbb.dll (00007FFEC3120000), size: 303104 (result: 0), SymType: '-deferred-', PDB: '', fileVersion: 2020.3.2022.1111
C:\WINDOWS\SYSTEM32\MSWSOCK.DLL:MSWSOCK.DLL (00007FFEDF670000), size: 442368 (result: 0), SymType: '-deferred-', PDB: '', fileVersion: 10.0.26100.9278
C:\Program Files\Unity 6000.0.80f1\Editor\OpenRL_pthread.dll:OpenRL_pthread.dll (0000024CC7540000), size: 61440 (result: 0), SymType: '-deferred-', PDB: '', fileVersion: 2.9.0.0
C:\WINDOWS\SYSTEM32\UMPDC.dll:UMPDC.dll (00007FFEE0220000), size: 86016 (result: 0), SymType: '-deferred-', PDB: '', fileVersion: 10.0.26100.8972
C:\WINDOWS\SYSTEM32\MSASN1.dll:MSASN1.dll (00007FFEDFAB0000), size: 77824 (result: 0), SymType: '-deferred-', PDB: '', fileVersion: 10.0.26100.9444
C:\WINDOWS\System32\bcryptprimitives.dll:bcryptprimitives.dll (00007FFEE0570000), size: 704512 (result: 0), SymType: '-deferred-', PDB: '', fileVersion: 10.0.26100.9444
C:\WINDOWS\SYSTEM32\kernel.appcore.dll:kernel.appcore.dll (00007FFEDF0B0000), size: 110592 (result: 0), SymType: '-deferred-', PDB: '', fileVersion: 10.0.26100.9278
C:\WINDOWS\system32\uxtheme.dll:uxtheme.dll (00007FFEDC550000), size: 688128 (result: 0), SymType: '-deferred-', PDB: '', fileVersion: 10.0.26100.9444
C:\WINDOWS\SYSTEM32\windows.storage.dll:windows.storage.dll (00007FFEDDE60000), size: 9101312 (result: 0), SymType: '-deferred-', PDB: '', fileVersion: 10.0.26100.9444
C:\WINDOWS\System32\SHCORE.dll:SHCORE.dll (00007FFEE1080000), size: 1028096 (result: 0), SymType: '-deferred-', PDB: '', fileVersion: 10.0.26100.9444
C:\WINDOWS\SYSTEM32\profapi.dll:profapi.dll (00007FFEE0300000), size: 167936 (result: 0), SymType: '-deferred-', PDB: '', fileVersion: 10.0.26100.9444
C:\WINDOWS\SYSTEM32\CRYPTSP.dll:CRYPTSP.dll (00007FFEDF980000), size: 110592 (result: 0), SymType: '-deferred-', PDB: '', fileVersion: 10.0.26100.9444
C:\WINDOWS\system32\rsaenh.dll:rsaenh.dll (00007FFEDF010000), size: 233472 (result: 0), SymType: '-deferred-', PDB: '', fileVersion: 10.0.26100.7705
C:\WINDOWS\system32\IconCodecService.dll:IconCodecService.dll (00007FFED2780000), size: 45056 (result: 0), SymType: '-deferred-', PDB: '', fileVersion: 10.0.26100.1
C:\WINDOWS\SYSTEM32\CRYPTBASE.dll:CRYPTBASE.dll (00007FFEDF960000), size: 49152 (result: 0), SymType: '-deferred-', PDB: '', fileVersion: 10.0.26100.9444
C:\WINDOWS\SYSTEM32\WindowsCodecs.dll:WindowsCodecs.dll (00007FFEDB710000), size: 2326528 (result: 0), SymType: '-deferred-', PDB: '', fileVersion: 10.0.26100.9457
C:\WINDOWS\System32\imagehlp.dll:imagehlp.dll (00007FFEE0F00000), size: 131072 (result: 0), SymType: '-deferred-', PDB: '', fileVersion: 10.0.26100.4202
C:\WINDOWS\System32\clbcatq.dll:clbcatq.dll (00007FFEE0F30000), size: 712704 (result: 0), SymType: '-deferred-', PDB: '', fileVersion: 2001.12.10941.16384
C:\WINDOWS\System32\netprofm.dll:netprofm.dll (00007FFEDA6D0000), size: 450560 (result: 0), SymType: '-deferred-', PDB: '', fileVersion: 10.0.26100.9278
C:\WINDOWS\System32\npmproxy.dll:npmproxy.dll (00007FFED8870000), size: 102400 (result: 0), SymType: '-deferred-', PDB: '', fileVersion: 10.0.26100.9278
C:\WINDOWS\SYSTEM32\dbghelp.dll:dbghelp.dll (00007FFEDD610000), size: 2408448 (result: 0), SymType: '-deferred-', PDB: '', fileVersion: 10.0.26100.9444

========== OUTPUTTING STACK TRACE ==================

[Licensing::Client] Code 10 while verifying Licensing Client signature (process Id: 22360, path: "C:/Program Files/Unity 6000.0.80f1/Editor/Data/Resources/Licensing/Client/Unity.Licensing.Client.exe")
[Licensing::Module] LicensingClient has failed validation; ignoring
[Licensing::Client] Handshaking with LicensingClient:
  Version:                 1.17.4+4293ba1
  Session Id:              f503244f0383496d874364912b348300
  Correlation Id:          4b240bd8b12d07e4c6cf002528b75a58
  External correlation Id: 5983490063151628631
  Machine Id:              o4qE9YDXKv/POKChpyk5Jlp2Zc4=
[Licensing::Module] Successfully connected to LicensingClient on channel: "LicenseClient-Black Steel Innovati" (connect: 0.00s, validation: 0.00s, handshake: 0.04s)
[Licensing::IpcConnector] Successfully connected to: "LicenseClient-Black Steel Innovati-notifications" at "2026-09-15T06:58:27.9230936Z"
[Licensing::Module] Error: Access token is unavailable; failed to update
0x00007FFEE07B41CA (KERNELBASE) RaiseException
[Licensing::Client] Successfully resolved entitlement details
[Licensing::Module] License group:
  Id: 2475839770632-UnityPersXXXX
  Product: Unity Personal
  Type: Assigned
  Expiration: Unlimited
[Licensing::Client] Successfully updated license, isAsync: True, time: 0.00
[Licensing::Client] Successfully resolved entitlement details
[Licensing::Module] Licensing Background thread has ended after 0.05s
0x00007FFE36B94A85 (Unity) EditorMonoConsole::LogToConsoleImplementation
0x00007FFE36B9574A (Unity) EditorMonoConsole::LogToConsoleImplementation
0x00007FFE3783053D (Unity) DebugStringToFilePostprocessedStacktrace
0x00007FFE3782F8D8 (Unity) DebugStringToFile
0x00007FFE36C929C6 (Unity) HandleProjectAlreadyOpenInAnotherInstance
0x00007FFE36C947D8 (Unity) Application::InitializeProject
0x00007FFE372891D3 (Unity) UnityMain
0x00007FF7DE8B2FBA (Unity) __scrt_common_main_seh
0x00007FFEE164CD87 (KERNEL32) BaseThreadInitThunk
0x00007FFEE328CAEC (ntdll) RtlUserThreadStart

========== END OF STACKTRACE ===========

A crash has been intercepted by the crash handler. For call stack and other details, see the latest crash report generated in:
 * C:/Users/BLACKS~1/AppData/Local/Temp/Unity/Editor/Crashes
