[Licensing::Module] Trying to connect to existing licensing client channel...
Built from '6000.5/staging' branch; Version is '6000.5.5f1 (d16e074b49fd) revision 13725191'; Using compiler version '194234433'; Build Type 'Release'
[Licensing::IpcConnector] Channel LicenseClient-Black Steel Innovati doesn't exist
OS: 'Windows 11  (10.0.26200) Core' Language: 'en' Physical Memory: 15774 MB
BatchMode: 1, IsHumanControllingUs: 0, StartBugReporterOnCrash: 0, Is64bit: 1
System  architecture: x64
Process architecture: x64
Date: 2026-09-14T03:47:17Z
[Licensing::Module] Successfully launched the LicensingClient (PId: 900)

COMMAND LINE ARGUMENTS:
C:\Program Files\Unity\Hub\Editor\6000.5.5f1\Editor\Unity.exe
-batchmode
-quit
-projectPath
C:\ObsidianProtocol-Autonomous-Warfare\OPAW
-executeMethod
OperationsVisualBuilder.Build
-logFile
C:\ObsidianProtocol-Autonomous-Warfare\OPAW\BuildLogs\OperationsHUD_Build.log
Successfully changed project path to: C:\ObsidianProtocol-Autonomous-Warfare\OPAW
C:/ObsidianProtocol-Autonomous-Warfare/OPAW
[UnityMemory] Configuration Parameters - Can be set up in boot.config
    "memorysetup-temp-allocator-size-gi-baking-worker=262144"
    "memorysetup-temp-allocator-size-gi-baking-worker=262144"
    "memorysetup-temp-allocator-size-gi-baking-worker=262144"
    "memorysetup-temp-allocator-size-gi-baking-worker=262144"
    "memorysetup-temp-allocator-size-gi-baking-worker=262144"
    "memorysetup-temp-allocator-size-nav-mesh-worker=65536"
    "memorysetup-temp-allocator-size-audio-worker=65536"
    "memorysetup-temp-allocator-size-cloud-worker=32768"
    "memorysetup-temp-allocator-size-gfx=262144"
    "memorysetup-temp-allocator-size-preload-manager=33554432"
    "memorysetup-allocator-temp-initial-block-size-main=262144"
    "memorysetup-allocator-temp-initial-block-size-worker=262144"
    "memorysetup-temp-allocator-size-job-worker=262144"
    "memorysetup-temp-allocator-size-background-worker=32768"
    "memorysetup-bucket-allocator-granularity=16"
    "memorysetup-bucket-allocator-bucket-count=8"
    "memorysetup-bucket-allocator-block-size=33554432"
    "memorysetup-bucket-allocator-block-count=8"
    "memorysetup-main-allocator-block-size=16777216"
    "memorysetup-thread-allocator-block-size=16777216"
    "memorysetup-main-allocator-mimalloc-enabled=0"
    "memorysetup-gfx-main-allocator-block-size=16777216"
    "memorysetup-gfx-thread-allocator-block-size=16777216"
    "memorysetup-cache-allocator-block-size=4194304"
    "memorysetup-typetree-allocator-block-size=2097152"
    "memorysetup-profiler-bucket-allocator-granularity=16"
    "memorysetup-profiler-bucket-allocator-bucket-count=8"
    "memorysetup-profiler-bucket-allocator-block-size=33554432"
    "memorysetup-profiler-bucket-allocator-block-count=8"
    "memorysetup-profiler-allocator-block-size=16777216"
    "memorysetup-profiler-editor-allocator-block-size=1048576"
    "memorysetup-temp-allocator-size-main=16777216"
    "memorysetup-job-temp-allocator-block-size=2097152"
    "memorysetup-job-temp-allocator-block-size-background=1048576"
    "memorysetup-job-temp-allocator-reduction-small-platforms=262144"
Logging is directed to a specific file, skipping project log.Player connection [3536]  Target information:

Player connection [3536]  * "[IP] 192.168.1.183 [Port] 55504 [Flags] 2 [Guid] 824945368 [EditorId] 824945368 [Version] 1048832 [Id] WindowsEditor(7,DESKTOP-SJAQRUA) [Debug] 1 [PackageName] WindowsEditor [ProjectName] Editor" 

Player connection [3536] Host joined multi-casting on [225.0.0.222:54997]...
Player connection [3536] Host joined alternative multi-casting on [225.0.0.222:34997]...
Input System module state changed to: Initialized.
[Physics::Module] Initialized fallback backend.
[Physics::Module] Id: 0xdecafbad
[Licensing::IpcConnector] Successfully connected to: "LicenseClient-Black Steel Innovati" at "2026-09-14T03:47:17.954529Z"
[Licensing::Client] Code 10 while verifying Licensing Client signature (process Id: 900, path: "C:/Program Files/Unity/Hub/Editor/6000.5.5f1/Editor/Data/Resources/Licensing/Client/Unity.Licensing.Client.exe")
[Licensing::Module] LicensingClient has failed validation; ignoring
[Package Manager] Connected to IPC stream "Upm-39104" after 0.3 seconds.
[Licensing::Module] Licensing is not yet initialized.
[Licensing::Client] Handshaking with LicensingClient:
  Version:                 1.18.1+9fbee8e
  Session Id:              9654eae457c04a3db44e5db672d63fb5
  Correlation Id:          0358152930511c3995d5c67802b381d8
  External correlation Id: 8247680391965307761
  Machine Id:              o4qE9YDXKv/POKChpyk5Jlp2Zc4=
[Licensing::Module] Successfully connected to LicensingClient on channel: "LicenseClient-Black Steel Innovati" (connect: 0.37s, validation: 0.10s, handshake: 0.04s)
[Licensing::IpcConnector] Successfully connected to: "LicenseClient-Black Steel Innovati-notifications" at "2026-09-14T03:47:18.0945177Z"
[Licensing::Module] Connected to LicensingClient (PId: 900, launch time: 0.01, total connection time: 0.51s)
[Licensing::Module] Error: Access token is unavailable; failed to update
[Licensing::Client] Successfully resolved entitlement details
[Licensing::Module] License group:
  Id: 2475839770632-UnityPersXXXX
  Product: Unity Personal
  Type: Assigned
  Expiration: Unlimited
[Licensing::Client] Successfully updated license, isAsync: True, time: 0.01
[Licensing::Client] Successfully resolved entitlement details
[Licensing::Module] Licensing Background thread has ended after 0.57s
[Licensing::Module] Licensing is initialized (took 0.12s).
[Licensing::Client] Successfully resolved entitlement details
Library Redirect Path: Library/
[Physics::Module] Selected backend.
[Physics::Module] Name: PhysX
[Physics::Module] Id: 0xf2b8ea05
[Physics::Module] SDK Version: 4.1.2
[Physics::Module] Integration Version: 1.0.0
[Physics::Module] Threading Mode: Multi-Threaded
Artifact Garbage Collection - Removed 1498 unused hashed content files
Initialize engine version: 6000.5.5f1 (d16e074b49fd)
[Subsystems] Discovering subsystems at path C:/Program Files/Unity/Hub/Editor/6000.5.5f1/Editor/Data/Resources/UnitySubsystems
[Subsystems] Discovering subsystems at path C:/ObsidianProtocol-Autonomous-Warfare/OPAW/Assets
GfxDevice: creating device client; kGfxThreadingModeNonThreaded
Direct3D:
    Version:  Direct3D 11.0 [level 11.1]
    Renderer: NVIDIA GeForce RTX 3050 Ti Laptop GPU (ID=0x25a0)
    Vendor:   NVIDIA
    VRAM:     3962 MB
    Driver:   32.0.16.1088
Shader 'Custom/Unlit Flat Circle': fallback shader 'Transparent' not found
Shader 'Custom/FogOfWarCalculation': fallback shader 'Transparent' not found
Initialize mono
Mono path[0] = 'C:/Program Files/Unity/Hub/Editor/6000.5.5f1/Editor/Data/Managed'
Mono path[1] = 'C:/Program Files/Unity/Hub/Editor/6000.5.5f1/Editor/Data/BCLExtensions/runtime/netstandard2.1'
Mono path[2] = 'C:/Program Files/Unity/Hub/Editor/6000.5.5f1/Editor/Data/MonoBleedingEdge/lib/mono/unityjit-win32'
Mono config path = 'C:/Program Files/Unity/Hub/Editor/6000.5.5f1/Editor/Data/MonoBleedingEdge/etc'
Using monoOptions --debugger-agent=transport=dt_socket,embedding=1,server=y,suspend=n,address=127.0.0.1:56104
CodeReloadManager initialized
ImportWorker Server TCP listen port: 0
AcceleratorClientConnectionCallback - disconnected - :0
Begin MonoManager ReloadAssembly
Registering precompiled unity dll's ...
Register platform support module: C:/Program Files/Unity/Hub/Editor/6000.5.5f1/Editor/Data/PlaybackEngines/WebGLSupport/UnityEditor.WebGL.Extensions.dll
Register platform support module: C:/Program Files/Unity/Hub/Editor/6000.5.5f1/Editor/Data/PlaybackEngines/WindowsStandaloneSupport/UnityEditor.WindowsStandalone.Extensions.dll
Registered in 0.002444 seconds.
Native extension for WindowsStandalone target not found
Native extension for WebGL target not found
Package Manager log level set to [2]
ScheduleIndexationOnStartup MainProcess:False IndexOnStartup:False
Mono: successfully reloaded assembly
- Finished resetting the current domain, in  0.443 seconds
Domain Reload Profiling: 968ms
	BeginReloadAssembly (133ms)
		CreateAndSetChildDomain (6ms)
	RebuildCommonClasses (5ms)
	RebuildNativeTypeToScriptingClass (16ms)
	initialDomainReloadingComplete (70ms)
	LoadAllAssembliesAndSetupDomain (297ms)
		LoadAssemblies (124ms)
		AnalyzeDomain (211ms)
			TypeCache.Refresh (210ms)
				TypeCache.ScanAssembly (195ms)
	FinalizeReload (446ms)
		SetupLoadedEditorAssemblies (0ms)
			InitializePlatformSupportModulesInManaged (4ms)
			BeforeProcessingInitializeOnLoad (115ms)
			ProcessInitializeOnLoadAttributes (113ms)
			ProcessInitializeOnLoadMethodAttributes (129ms)
[Licensing::Client] Successfully resolved entitlement details
Application.AssetDatabase Initial Refresh Start
[Package Manager] Restoring resolved packages state from cache
[Licensing::Client] Successfully resolved entitlement details
[Package Manager] Registered 61 packages:
  Packages from [https://packages.unity.com]:
    com.unity.ai.inference@2.6.1 (location: C:\ObsidianProtocol-Autonomous-Warfare\OPAW\Library\PackageCache\com.unity.ai.inference@9a123aee5df7)
    com.unity.ai.navigation@2.0.14 (location: C:\ObsidianProtocol-Autonomous-Warfare\OPAW\Library\PackageCache\com.unity.ai.navigation@134dd6a3b97b)
    com.unity.collab-proxy@2.13.3 (location: C:\ObsidianProtocol-Autonomous-Warfare\OPAW\Library\PackageCache\com.unity.collab-proxy@4f3be89e8675)
    com.unity.ide.rider@3.0.40 (location: C:\ObsidianProtocol-Autonomous-Warfare\OPAW\Library\PackageCache\com.unity.ide.rider@e4950c6d131b)
    com.unity.ide.visualstudio@2.0.28 (location: C:\ObsidianProtocol-Autonomous-Warfare\OPAW\Library\PackageCache\com.unity.ide.visualstudio@b5edea5f33f4)
    com.unity.inputsystem@1.19.0 (location: C:\ObsidianProtocol-Autonomous-Warfare\OPAW\Library\PackageCache\com.unity.inputsystem@21a28c3a6c83)
    com.unity.timeline@1.8.13 (location: C:\ObsidianProtocol-Autonomous-Warfare\OPAW\Library\PackageCache\com.unity.timeline@3a22918286f5)
    com.unity.visualscripting@1.9.12 (location: C:\ObsidianProtocol-Autonomous-Warfare\OPAW\Library\PackageCache\com.unity.visualscripting@4edfcc09512f)
    com.unity.burst@1.8.29 (location: C:\ObsidianProtocol-Autonomous-Warfare\OPAW\Library\PackageCache\com.unity.burst@6bb9aca3ef38)
    com.unity.dt.app-ui@2.1.7 (location: C:\ObsidianProtocol-Autonomous-Warfare\OPAW\Library\PackageCache\com.unity.dt.app-ui@b097002a00c2)
    com.unity.nuget.newtonsoft-json@3.2.2 (location: C:\ObsidianProtocol-Autonomous-Warfare\OPAW\Library\PackageCache\com.unity.nuget.newtonsoft-json@4dfd81071c64)
    com.unity.searcher@4.9.4 (location: C:\ObsidianProtocol-Autonomous-Warfare\OPAW\Library\PackageCache\com.unity.searcher@d45a78918735)
    com.unity.nuget.mono-cecil@1.11.6 (location: C:\ObsidianProtocol-Autonomous-Warfare\OPAW\Library\PackageCache\com.unity.nuget.mono-cecil@ecb9724e46ff)
    com.unity.test-framework.performance@3.5.0 (location: C:\ObsidianProtocol-Autonomous-Warfare\OPAW\Library\PackageCache\com.unity.test-framework.performance@8b56083ec0f0)
  Built-in packages:
    com.unity.2d.sprite@1.0.0 (location: C:\ObsidianProtocol-Autonomous-Warfare\OPAW\Library\PackageCache\com.unity.2d.sprite@053a968eab56)
    com.unity.multiplayer.center@1.0.1 (location: C:\ObsidianProtocol-Autonomous-Warfare\OPAW\Library\PackageCache\com.unity.multiplayer.center@b860850997d0)
    com.unity.render-pipelines.universal@17.5.0 (location: C:\ObsidianProtocol-Autonomous-Warfare\OPAW\Library\PackageCache\com.unity.render-pipelines.universal@040461d037aa)
    com.unity.test-framework@1.7.0 (location: C:\ObsidianProtocol-Autonomous-Warfare\OPAW\Library\PackageCache\com.unity.test-framework@1405238725ab)
    com.unity.ugui@2.5.0 (location: C:\ObsidianProtocol-Autonomous-Warfare\OPAW\Library\PackageCache\com.unity.ugui@f2d87ebaaa32)
    com.unity.modules.accessibility@1.0.0 (location: C:\ObsidianProtocol-Autonomous-Warfare\OPAW\Library\PackageCache\com.unity.modules.accessibility)
    com.unity.modules.adaptiveperformance@1.0.0 (location: C:\ObsidianProtocol-Autonomous-Warfare\OPAW\Library\PackageCache\com.unity.modules.adaptiveperformance)
    com.unity.modules.ai@1.0.0 (location: C:\ObsidianProtocol-Autonomous-Warfare\OPAW\Library\PackageCache\com.unity.modules.ai)
    com.unity.modules.androidjni@1.0.0 (location: C:\ObsidianProtocol-Autonomous-Warfare\OPAW\Library\PackageCache\com.unity.modules.androidjni)
    com.unity.modules.animation@1.0.0 (location: C:\ObsidianProtocol-Autonomous-Warfare\OPAW\Library\PackageCache\com.unity.modules.animation)
    com.unity.modules.assetbundle@1.0.0 (location: C:\ObsidianProtocol-Autonomous-Warfare\OPAW\Library\PackageCache\com.unity.modules.assetbundle)
    com.unity.modules.audio@1.0.0 (location: C:\ObsidianProtocol-Autonomous-Warfare\OPAW\Library\PackageCache\com.unity.modules.audio)
    com.unity.modules.cloth@1.0.0 (location: C:\ObsidianProtocol-Autonomous-Warfare\OPAW\Library\PackageCache\com.unity.modules.cloth)
    com.unity.modules.director@1.0.0 (location: C:\ObsidianProtocol-Autonomous-Warfare\OPAW\Library\PackageCache\com.unity.modules.director)
    com.unity.modules.imageconversion@1.0.0 (location: C:\ObsidianProtocol-Autonomous-Warfare\OPAW\Library\PackageCache\com.unity.modules.imageconversion)
    com.unity.modules.imgui@1.0.0 (location: C:\ObsidianProtocol-Autonomous-Warfare\OPAW\Library\PackageCache\com.unity.modules.imgui)
    com.unity.modules.jsonserialize@1.0.0 (location: C:\ObsidianProtocol-Autonomous-Warfare\OPAW\Library\PackageCache\com.unity.modules.jsonserialize)
    com.unity.modules.particlesystem@1.0.0 (location: C:\ObsidianProtocol-Autonomous-Warfare\OPAW\Library\PackageCache\com.unity.modules.particlesystem)
    com.unity.modules.physics@1.0.0 (location: C:\ObsidianProtocol-Autonomous-Warfare\OPAW\Library\PackageCache\com.unity.modules.physics)
    com.unity.modules.physics2d@1.0.0 (location: C:\ObsidianProtocol-Autonomous-Warfare\OPAW\Library\PackageCache\com.unity.modules.physics2d)
    com.unity.modules.physicscore2d@1.0.0 (location: C:\ObsidianProtocol-Autonomous-Warfare\OPAW\Library\PackageCache\com.unity.modules.physicscore2d)
    com.unity.modules.screencapture@1.0.0 (location: C:\ObsidianProtocol-Autonomous-Warfare\OPAW\Library\PackageCache\com.unity.modules.screencapture)
    com.unity.modules.terrain@1.0.0 (location: C:\ObsidianProtocol-Autonomous-Warfare\OPAW\Library\PackageCache\com.unity.modules.terrain)
    com.unity.modules.terrainphysics@1.0.0 (location: C:\ObsidianProtocol-Autonomous-Warfare\OPAW\Library\PackageCache\com.unity.modules.terrainphysics)
    com.unity.modules.tilemap@1.0.0 (location: C:\ObsidianProtocol-Autonomous-Warfare\OPAW\Library\PackageCache\com.unity.modules.tilemap)
    com.unity.modules.ui@1.0.0 (location: C:\ObsidianProtocol-Autonomous-Warfare\OPAW\Library\PackageCache\com.unity.modules.ui)
    com.unity.modules.uielements@1.0.0 (location: C:\ObsidianProtocol-Autonomous-Warfare\OPAW\Library\PackageCache\com.unity.modules.uielements)
    com.unity.modules.umbra@1.0.0 (location: C:\ObsidianProtocol-Autonomous-Warfare\OPAW\Library\PackageCache\com.unity.modules.umbra)
    com.unity.modules.unityanalytics@1.0.0 (location: C:\ObsidianProtocol-Autonomous-Warfare\OPAW\Library\PackageCache\com.unity.modules.unityanalytics)
    com.unity.modules.unitywebrequest@1.0.0 (location: C:\ObsidianProtocol-Autonomous-Warfare\OPAW\Library\PackageCache\com.unity.modules.unitywebrequest)
    com.unity.modules.unitywebrequestassetbundle@1.0.0 (location: C:\ObsidianProtocol-Autonomous-Warfare\OPAW\Library\PackageCache\com.unity.modules.unitywebrequestassetbundle)
    com.unity.modules.unitywebrequestaudio@1.0.0 (location: C:\ObsidianProtocol-Autonomous-Warfare\OPAW\Library\PackageCache\com.unity.modules.unitywebrequestaudio)
    com.unity.modules.unitywebrequesttexture@1.0.0 (location: C:\ObsidianProtocol-Autonomous-Warfare\OPAW\Library\PackageCache\com.unity.modules.unitywebrequesttexture)
    com.unity.modules.unitywebrequestwww@1.0.0 (location: C:\ObsidianProtocol-Autonomous-Warfare\OPAW\Library\PackageCache\com.unity.modules.unitywebrequestwww)
    com.unity.modules.vectorgraphics@1.0.0 (location: C:\ObsidianProtocol-Autonomous-Warfare\OPAW\Library\PackageCache\com.unity.modules.vectorgraphics)
    com.unity.modules.vehicles@1.0.0 (location: C:\ObsidianProtocol-Autonomous-Warfare\OPAW\Library\PackageCache\com.unity.modules.vehicles)
    com.unity.modules.video@1.0.0 (location: C:\ObsidianProtocol-Autonomous-Warfare\OPAW\Library\PackageCache\com.unity.modules.video)
    com.unity.modules.wind@1.0.0 (location: C:\ObsidianProtocol-Autonomous-Warfare\OPAW\Library\PackageCache\com.unity.modules.wind)
    com.unity.modules.xr@1.0.0 (location: C:\ObsidianProtocol-Autonomous-Warfare\OPAW\Library\PackageCache\com.unity.modules.xr)
    com.unity.modules.subsystems@1.0.0 (location: C:\ObsidianProtocol-Autonomous-Warfare\OPAW\Library\PackageCache\com.unity.modules.subsystems)
    com.unity.modules.hierarchycore@1.0.0 (location: C:\ObsidianProtocol-Autonomous-Warfare\OPAW\Library\PackageCache\com.unity.modules.hierarchycore)
    com.unity.ext.nunit@2.1.0 (location: C:\ObsidianProtocol-Autonomous-Warfare\OPAW\Library\PackageCache\com.unity.ext.nunit@44f7d31723bd)
    com.unity.render-pipelines.core@17.5.0 (location: C:\ObsidianProtocol-Autonomous-Warfare\OPAW\Library\PackageCache\com.unity.render-pipelines.core@b19a46951e65)
    com.unity.shadergraph@17.5.0 (location: C:\ObsidianProtocol-Autonomous-Warfare\OPAW\Library\PackageCache\com.unity.shadergraph@8d7376ec43ee)
    com.unity.render-pipelines.universal-config@17.5.0 (location: C:\ObsidianProtocol-Autonomous-Warfare\OPAW\Library\PackageCache\com.unity.render-pipelines.universal-config@fdda01c80fe3)
    com.unity.collections@6.5.0 (location: C:\ObsidianProtocol-Autonomous-Warfare\OPAW\Library\PackageCache\com.unity.collections@a43cabe808ca)
    com.unity.mathematics@1.4.0 (location: C:\ObsidianProtocol-Autonomous-Warfare\OPAW\Library\PackageCache\com.unity.mathematics@981956d94fb6)
[Subsystems] No new subsystems found in resolved package list.
[Package Manager] Done registering packages in 0.02 seconds
Starting: C:\Program Files\Unity\Hub\Editor\6000.5.5f1\Editor\Data\Tools\BuildPipeline\bee_backend.exe --ipc --defer-dag-verification --dagfile="Library/Bee/1900b0aE.dag" --continue-on-failure --profile="Library/Bee/backend1.traceevents" ScriptAssemblies
WorkingDir: C:/ObsidianProtocol-Autonomous-Warfare/OPAW
DisplayProgressbar: Compiling Scripts
ExitCode: 0 Duration: 0s304ms
[ 895/1154  0s] ILPP-Configuration Library/ilpp-configuration.nevergeneratedoutput
*** Tundra build success (0.27 seconds), 1 items updated, 1154 evaluated
AssetDatabase: script compilation time: 0.812776s
Begin MonoManager ReloadAssembly
Refreshing native plugins compatible for Editor in 3.57 ms, found 5 plugins.
Native extension for WindowsStandalone target not found
Native extension for WebGL target not found
Refreshing native plugins compatible for Editor in 3.58 ms, found 5 plugins.
ScheduleIndexationOnStartup MainProcess:True IndexOnStartup:True
Mono: successfully reloaded assembly
- Finished resetting the current domain, in  4.138 seconds
Domain Reload Profiling: 5389ms
	BeginReloadAssembly (362ms)
		DisableScriptedObjects (25ms)
		CreateAndSetChildDomain (165ms)
	RebuildCommonClasses (10ms)
	RebuildNativeTypeToScriptingClass (18ms)
	initialDomainReloadingComplete (73ms)
	LoadAllAssembliesAndSetupDomain (787ms)
		LoadAssemblies (418ms)
		AnalyzeDomain (342ms)
			TypeCache.Refresh (238ms)
				TypeCache.ScanAssembly (222ms)
			BuildScriptInfoCaches (92ms)
			ResolveRequiredComponents (10ms)
	FinalizeReload (4140ms)
		SetupLoadedEditorAssemblies (0ms)
			BeforeProcessingInitializeOnLoad (118ms)
			ProcessInitializeOnLoadAttributes (3329ms)
			ProcessInitializeOnLoadMethodAttributes (258ms)
			AfterProcessingInitializeOnLoad (8ms)
		AwakeInstancesAfterBackupRestoration (24ms)
Starting new worker id: 0 with log in C:/ObsidianProtocol-Autonomous-Warfare/OPAW/Logs/AssetImportWorkerHW0.log

Asset Pipeline Refresh (id=75a77994dd450c645ba7f9050343f479): Total: 7.191 seconds - Initiated by InitialRefreshV2(ForceSynchronousImport)
	(Values over 0.05ms)
	Summary:
		Imports: total=0 (actual=0, local cache=0, cache server=0)
		Asset DB Process Time: managed=0 ms, native=4872 ms
		Asset DB Callback time: managed=82 ms, native=22 ms
		Scripting: domain reloads=1, domain reload time=1318 ms, compile time=814 ms, other=80 ms
		Project Asset Count: scripts=2889, non-scripts=4993
		Asset File Changes: new=0, changed=0, moved=0, deleted=0
		Scan Filter Count: 0
	InvokePackagesCallback: 24.558ms
	ApplyChangesToAssetFolders: 0.659ms
	Scan: 136.639ms
	Collect global state as custom dependencies: 3.901ms
	CategorizeScriptCompilationAssets: 63.525ms
	ProcessAssetsWithTransientArtifactChanges: 142.849ms
	CategorizeAssets: 99.869ms
	CompileScripts: 814.478ms
	ImportOutOfDateAssets: 4260.342ms (4175.685ms without children)
		UnloadImportedAssets: 0.871ms
		EnsureUptoDateAssetsAreRegisteredWithGuidPM: 1.705ms
		ImportSchedulerStart: 82.033ms
	PostProcessAllAssets: 82.421ms
		MonoPostProcessAllAssets: 82.174ms
			UniversalRenderPipelineGlobalSettingsPostprocessor.OnPostprocessAllAssets 30.116ms
			WindowAssetPostprocessingWatcher.OnPostprocessAllAssets 8.776ms
			SyncVS.PostprocessSyncProject 7.460ms
			SpeedTree9Postprocessor.OnPostprocessAllAssets 3.301ms
			EditModeScopePostprocessor.OnPostprocessAllAssets 1.497ms
			RenderPipelineGlobalSettingsPostprocessor.OnPostprocessAllAssets 1.259ms
			ReferencedClipsPostProcessor.OnPostprocessAllAssets 0.553ms
			ShaderReflectionAssetPostProcessor.OnPostprocessAllAssets 0.468ms
			AssetDatabaseCallbacks.OnPostprocessAllAssets 0.416ms
			InputActionAssetPostprocessor.OnPostprocessAllAssets 0.349ms
			TerrainToolbarOverlayPostProcessor.OnPostprocessAllAssets 0.314ms
			ProjectSettingsPostprocessor.OnPostprocessAllAssets 0.282ms
	UnloadStreamsBegin: 4.000ms
	PersistCurrentRevisions: 0.192ms
	GenerateScriptTypeHashes: 2.350ms
	GenerateScriptTypeSerializationHashes: 4.661ms
	Untracked: 1552.122ms

Application.AssetDatabase Initial Refresh End
Launched and connected shader compiler UnityShaderCompiler.exe after 0.01 seconds
Shader 'Custom/FogOfWarCalculation': fallback shader 'Transparent' not found
Shader 'Custom/Unlit Flat Circle': fallback shader 'Transparent' not found
Scanning for USB devices : 6.233ms
Initializing Unity extensions:
[MODES] ModeService[none].Initialize
[MODES] ModeService[none].LoadModes
[MODES] Loading mode Default (0) for mode-current-id-OPAW
Unloading 83 Unused Serialized files (Serialized files now loaded: 0)
Unloading 9774 unused Assets / (26.8 MB). Loaded Objects now: 10696.
Memory consumption went from 0.50 GB to 485.6 MB.
Total: 29.774200 ms (FindLiveObjects: 1.236800 ms CreateObjectMapping: 5.359700 ms MarkObjects: 9.192900 ms  DeleteObjects: 13.981700 ms)

============================================================
UnityEngine.Debug:ExtractStackTraceNoAlloc (byte*,int,string)
UnityEngine.StackTraceUtility:ExtractStackTrace ()
UnityEngine.DebugLogHandler:Internal_Log (UnityEngine.LogType,UnityEngine.LogOption,string,UnityEngine.Object)
UnityEngine.DebugLogHandler:LogFormat (UnityEngine.LogType,UnityEngine.Object,string,object[])
UnityEngine.Logger:Log (UnityEngine.LogType,object)
UnityEngine.Debug:Log (object)
OperationsVisualBuilder:Build () (at Assets/ObsidianProtocol/Operations/Editor/OperationsVisualBuilder.cs:91)

(Filename: Assets/ObsidianProtocol/Operations/Editor/OperationsVisualBuilder.cs Line: 91)

OBSIDIAN PROTOCOL - BUILDING OPERATIONS HUD
UnityEngine.Debug:ExtractStackTraceNoAlloc (byte*,int,string)
UnityEngine.StackTraceUtility:ExtractStackTrace ()
UnityEngine.DebugLogHandler:Internal_Log (UnityEngine.LogType,UnityEngine.LogOption,string,UnityEngine.Object)
UnityEngine.DebugLogHandler:LogFormat (UnityEngine.LogType,UnityEngine.Object,string,object[])
UnityEngine.Logger:Log (UnityEngine.LogType,object)
UnityEngine.Debug:Log (object)
OperationsVisualBuilder:Build () (at Assets/ObsidianProtocol/Operations/Editor/OperationsVisualBuilder.cs:92)

(Filename: Assets/ObsidianProtocol/Operations/Editor/OperationsVisualBuilder.cs Line: 92)

============================================================
UnityEngine.Debug:ExtractStackTraceNoAlloc (byte*,int,string)
UnityEngine.StackTraceUtility:ExtractStackTrace ()
UnityEngine.DebugLogHandler:Internal_Log (UnityEngine.LogType,UnityEngine.LogOption,string,UnityEngine.Object)
UnityEngine.DebugLogHandler:LogFormat (UnityEngine.LogType,UnityEngine.Object,string,object[])
UnityEngine.Logger:Log (UnityEngine.LogType,object)
UnityEngine.Debug:Log (object)
OperationsVisualBuilder:Build () (at Assets/ObsidianProtocol/Operations/Editor/OperationsVisualBuilder.cs:93)

(Filename: Assets/ObsidianProtocol/Operations/Editor/OperationsVisualBuilder.cs Line: 93)

Asset Pipeline Refresh (id=3d0d8f79c7c76bd429e8654ddb22c60f): Total: 0.253 seconds - Initiated by RefreshV2(NoUpdateAssetOptions)
Unloading 0 Unused Serialized files (Serialized files now loaded: 0)
Unloading 1 unused Assets / (1.0 KB). Loaded Objects now: 10698.
Memory consumption went from 457.8 MB to 457.8 MB.
Total: 14.284100 ms (FindLiveObjects: 0.926100 ms CreateObjectMapping: 2.574600 ms MarkObjects: 10.724300 ms  DeleteObjects: 0.057800 ms)

AcceleratorClientConnectionCallback - disconnected - :0
Importing 'GUID: 0000000000000000b000000000000000 - Path: ProjectSettings/EditorBuildSettings.asset' with importer (LibraryAssetImporter)
Imported 'GUID: 0000000000000000b000000000000000' -> (Import Result ID: '18a12276f94f78ad568b2c6cd21fe7a2') in 0.008 seconds [static dependencies only]. Details - ImportResultOutputID=4647dd083cfc32cebcd7526e8846440c DependenciesID=36739a71ee967e88178be1f8e56e1284 StaticDependenciesID=11b8522a2e0e45b3e7b0633feb0b5c47 
Refreshing native plugins compatible for Editor in 4.39 ms, found 5 plugins.

Asset Pipeline Refresh (id=244a157a97d830942be564be93049903): Total: 0.623 seconds - Initiated by StopAssetImportingV2(NoUpdateAssetOptions)
	(Values over 0.05ms)
	Summary:
		Imports: total=1 (actual=1, local cache=0, cache server=0)
		Asset DB Process Time: managed=3 ms, native=168 ms
		Asset DB Callback time: managed=296 ms, native=155 ms
		Scripting: domain reloads=0, domain reload time=0 ms, compile time=0 ms, other=0 ms
		Project Asset Count: scripts=2889, non-scripts=4993
		Asset File Changes: new=0, changed=1, moved=0, deleted=0
		Scan Filter Count: 1
	ApplyChangesToAssetFolders: 0.115ms
	Scan: 11.046ms
	Collect global state as custom dependencies: 0.069ms
	OnSourceAssetsModified: 1.169ms
	ProcessAssetsWithTransientArtifactChanges: 0.125ms
	CategorizeAssets: 35.484ms
	ImportOutOfDateAssets: 116.050ms (24.993ms without children)
		ImportManagerImport: 10.770ms (1.977ms without children)
		ReloadNativeAssets: 0.086ms
		UnloadImportedAssets: 0.441ms
		EnsureUptoDateAssetsAreRegisteredWithGuidPM: 2.533ms
		ImportSchedulerStart: 77.220ms
	PostProcessAllAssets: 304.161ms
		XRBuildSystem.XRAssetImported 8.192ms
		MonoPostProcessAllAssets: 295.323ms
			AssetPostprocessor.OnPostprocessAllAssets 179.791ms
			StyleCatalogPostProcessor.OnPostprocessAllAssets 39.989ms
			BuilderAssetPostprocessor.OnPostprocessAllAssets 12.774ms
			AssetChangedListener.OnPostprocessAllAssets 11.049ms
			SpriteSlicePostprocessor.OnPostprocessAllAssets 10.739ms
			SyncVS.PostprocessSyncProject 7.646ms
			RetainedModeAssetPostprocessor.OnPostprocessAllAssets 6.093ms
			ShaderGraphAssetPostProcessor.OnPostprocessAllAssets 5.839ms
			MaterialPostprocessor.OnPostprocessAllAssets 3.196ms
			SpriteEditorTexturePostprocessor.OnPostprocessAllAssets 1.936ms
			InputActionJsonNameModifierAssetProcessor.OnPostprocessAllAssets 1.453ms
			ArtifactBrowserPostProcessor.OnPostprocessAllAssets 1.036ms
			TextAssetPostProcessor.OnPostprocessAllAssets 1.017ms
			ModelAssetProcessor.OnPostprocessAllAssets 0.708ms
			AudioMixerPostprocessor.OnPostprocessAllAssets 0.678ms
			UVCSAssetPostprocessor.OnPostprocessAllAssets 0.660ms
			InputActionAssetPostprocessor.OnPostprocessAllAssets 0.644ms
			SampleDependencyImporterPostProcessor.OnPostprocessAllAssets 0.637ms
			PostProcessor.OnPostprocessAllAssets 0.562ms
			SamplePostprocessor.OnPostprocessAllAssets 0.523ms
			TMPro_TexturePostProcessor.OnPostprocessAllAssets 0.471ms
			AssetEvents.OnPostprocessAllAssets 0.368ms
			SpeedTreePostProcessor.OnPostprocessAllAssets 0.362ms
			ConfigAssetsTracker.OnPostprocessAllAssets 0.307ms
			ScenarioDriftAssetsTracker.OnPostprocessAllAssets 0.247ms
			AssetReloadNotifier.OnPostprocessAllAssets 0.217ms
			RenderPipelineGlobalSettingsPostprocessor.OnPostprocessAllAssets 0.198ms
			AudioContainerPostProcessor.OnPostprocessAllAssets 0.115ms
			UniversalRenderPipelineGlobalSettingsPostprocessor.OnPostprocessAllAssets 0.083ms
			ProjectSettingsPostprocessor.OnPostprocessAllAssets 0.063ms
			TerrainToolbarOverlayPostProcessor.OnPostprocessAllAssets 0.060ms
	PostAssetChangesProfiler: 145.974ms
	GatherAllCurrentPrimaryImportResultRevisions: 0.560ms
	PersistCurrentRevisions: 0.441ms
	Untracked: 7.298ms

Importing 'GUID: b93eac5945ad2f943812cdf7d377cfeb - Path: Assets/Scenes/SCN-05  OPERATIONS/[HUD] OPERATIONS HUD/Operations.unity' with importer (DefaultImporter)
Imported 'GUID: b93eac5945ad2f943812cdf7d377cfeb' -> (Import Result ID: 'bd15cf1c0cf158355ff915c81d504650') in 0.003 seconds [static dependencies only]. Details - ImportResultOutputID=e0bc1ddde85cef68b724a146249062ba DependenciesID=d84802981e64b4d79793a27374f52b0c StaticDependenciesID=7c961c7760716429e32f45d47a760250 
Worker ready: AssetImportWorkerHW0 0
Refreshing native plugins compatible for Editor in 4.14 ms, found 5 plugins.
Asset Pipeline Refresh (id=3bbf014f98892ac4682abde1460bdfb2): Total: 0.165 seconds - Initiated by StopAssetImportingV2(NoUpdateAssetOptions)
Asset Pipeline Refresh (id=cf34829b043629c408863eb5c42c9889): Total: 0.014 seconds - Initiated by RefreshV2(NoUpdateAssetOptions)
Operations scene saved successfully: Assets/Scenes/SCN-05  OPERATIONS/[HUD] OPERATIONS HUD/Operations.unity
UnityEngine.Debug:ExtractStackTraceNoAlloc (byte*,int,string)
UnityEngine.StackTraceUtility:ExtractStackTrace ()
UnityEngine.DebugLogHandler:Internal_Log (UnityEngine.LogType,UnityEngine.LogOption,string,UnityEngine.Object)
UnityEngine.DebugLogHandler:LogFormat (UnityEngine.LogType,UnityEngine.Object,string,object[])
UnityEngine.Logger:Log (UnityEngine.LogType,object)
UnityEngine.Debug:Log (object)
OperationsVisualBuilder:SaveScene (UnityEngine.SceneManagement.Scene) (at Assets/ObsidianProtocol/Operations/Editor/OperationsVisualBuilder.cs:2093)
OperationsVisualBuilder:Build () (at Assets/ObsidianProtocol/Operations/Editor/OperationsVisualBuilder.cs:121)

(Filename: Assets/ObsidianProtocol/Operations/Editor/OperationsVisualBuilder.cs Line: 2093)

============================================================
UnityEngine.Debug:ExtractStackTraceNoAlloc (byte*,int,string)
UnityEngine.StackTraceUtility:ExtractStackTrace ()
UnityEngine.DebugLogHandler:Internal_Log (UnityEngine.LogType,UnityEngine.LogOption,string,UnityEngine.Object)
UnityEngine.DebugLogHandler:LogFormat (UnityEngine.LogType,UnityEngine.Object,string,object[])
UnityEngine.Logger:Log (UnityEngine.LogType,object)
UnityEngine.Debug:Log (object)
OperationsVisualBuilder:Build () (at Assets/ObsidianProtocol/Operations/Editor/OperationsVisualBuilder.cs:123)

(Filename: Assets/ObsidianProtocol/Operations/Editor/OperationsVisualBuilder.cs Line: 123)

OPERATIONS HUD BUILD COMPLETE
UnityEngine.Debug:ExtractStackTraceNoAlloc (byte*,int,string)
UnityEngine.StackTraceUtility:ExtractStackTrace ()
UnityEngine.DebugLogHandler:Internal_Log (UnityEngine.LogType,UnityEngine.LogOption,string,UnityEngine.Object)
UnityEngine.DebugLogHandler:LogFormat (UnityEngine.LogType,UnityEngine.Object,string,object[])
UnityEngine.Logger:Log (UnityEngine.LogType,object)
UnityEngine.Debug:Log (object)
OperationsVisualBuilder:Build () (at Assets/ObsidianProtocol/Operations/Editor/OperationsVisualBuilder.cs:124)

(Filename: Assets/ObsidianProtocol/Operations/Editor/OperationsVisualBuilder.cs Line: 124)

Assets/Scenes/SCN-05  OPERATIONS/[HUD] OPERATIONS HUD/Operations.unity
UnityEngine.Debug:ExtractStackTraceNoAlloc (byte*,int,string)
UnityEngine.StackTraceUtility:ExtractStackTrace ()
UnityEngine.DebugLogHandler:Internal_Log (UnityEngine.LogType,UnityEngine.LogOption,string,UnityEngine.Object)
UnityEngine.DebugLogHandler:LogFormat (UnityEngine.LogType,UnityEngine.Object,string,object[])
UnityEngine.Logger:Log (UnityEngine.LogType,object)
UnityEngine.Debug:Log (object)
OperationsVisualBuilder:Build () (at Assets/ObsidianProtocol/Operations/Editor/OperationsVisualBuilder.cs:125)

(Filename: Assets/ObsidianProtocol/Operations/Editor/OperationsVisualBuilder.cs Line: 125)

============================================================
UnityEngine.Debug:ExtractStackTraceNoAlloc (byte*,int,string)
UnityEngine.StackTraceUtility:ExtractStackTrace ()
UnityEngine.DebugLogHandler:Internal_Log (UnityEngine.LogType,UnityEngine.LogOption,string,UnityEngine.Object)
UnityEngine.DebugLogHandler:LogFormat (UnityEngine.LogType,UnityEngine.Object,string,object[])
UnityEngine.Logger:Log (UnityEngine.LogType,object)
UnityEngine.Debug:Log (object)
OperationsVisualBuilder:Build () (at Assets/ObsidianProtocol/Operations/Editor/OperationsVisualBuilder.cs:126)

(Filename: Assets/ObsidianProtocol/Operations/Editor/OperationsVisualBuilder.cs Line: 126)

Batchmode quit successfully invoked - shutting down!
[Physics::Module] Cleanup current backend.
[Physics::Module] Id: 0xf2b8ea05
Input System module state changed to: ShutdownInProgress.
Input Polling Thread exited.
Input System module state changed to: Shutdown.
[Licensing::IpcConnector] LicenseClient-Black Steel Innovati-notifications channel disconnected successfully.
[Licensing::IpcConnector] LicenseClient-Black Steel Innovati channel disconnected successfully.
AcceleratorClientConnectionCallback - disconnected - :0
Cleanup mono
CodeReloadManager destroyed
Exiting batchmode successfully now!
Exiting without the bug reporter. Application will terminate with return code 0